// Jest Snapshot v1, https://goo.gl/fbAQLP

exports[`should render Header correctly 1`] = `
<header
  className="header"
>
  <div
    className="container"
  >
    <div
      className="header__content"
    >
      <div
        className="header__left"
      >
        <Link
          className="header__title"
          to="/dashboard"
        >
          <h1>
            Itinerary
          </h1>
        </Link>
        <img
          className="logo"
          src="/images/logo.png"
        />
      </div>
      <button
        className="btn-link"
        onClick={[Function]}
      >
        Logout
      </button>
    </div>
  </div>
</header>
`;
